#-----------------------------------------------------------
# Vivado v2023.1 (64-bit)
# SW Build 3865809 on Sun May  7 15:05:29 MDT 2023
# IP Build 3864474 on Sun May  7 20:36:21 MDT 2023
# SharedData Build 3865790 on Sun May 07 13:33:03 MDT 2023
# Start of session at: Wed Jan  3 14:34:31 2024
# Process ID: 15272
# Current directory: C:/Users/diego/OneDrive/Documentos/TRABAJO_SED_VHDL_G20/MAQ_EXP_2
# Command line: vivado.exe -gui_launcher_event rodinguilauncherevent17672 C:\Users\diego\OneDrive\Documentos\TRABAJO_SED_VHDL_G20\MAQ_EXP_2\MAQ_EXP_2.xpr
# Log file: C:/Users/diego/OneDrive/Documentos/TRABAJO_SED_VHDL_G20/MAQ_EXP_2/vivado.log
# Journal file: C:/Users/diego/OneDrive/Documentos/TRABAJO_SED_VHDL_G20/MAQ_EXP_2\vivado.jou
# Running On: LAPTOP-9VF0APCD, OS: Windows, CPU Frequency: 1498 MHz, CPU Physical cores: 4, Host memory: 8320 MB
#-----------------------------------------------------------
start_gui
open_project C:/Users/diego/OneDrive/Documentos/TRABAJO_SED_VHDL_G20/MAQ_EXP_2/MAQ_EXP_2.xpr
update_compile_order -fileset sources_1
set_property SOURCE_SET sources_1 [get_filesets sim_1]
close [ open C:/Users/diego/OneDrive/Documentos/TRABAJO_SED_VHDL_G20/MAQ_EXP_2/MAQ_EXP_2.srcs/sim_1/new/SYNCHRNZR_TB.vhd w ]
add_files -fileset sim_1 C:/Users/diego/OneDrive/Documentos/TRABAJO_SED_VHDL_G20/MAQ_EXP_2/MAQ_EXP_2.srcs/sim_1/new/SYNCHRNZR_TB.vhd
update_compile_order -fileset sim_1
# Disabling source management mode.  This is to allow the top design properties to be set without GUI intervention.
set_property source_mgmt_mode None [current_project]
set_property top EDGE_DETECTOR_tb [get_filesets sim_1]
set_property top_lib xil_defaultlib [get_filesets sim_1]
# Re-enabling previously disabled source management mode.
set_property source_mgmt_mode All [current_project]
update_compile_order -fileset sim_1
launch_simulation
source EDGE_DETECTOR_tb.tcl
close_sim
# Disabling source management mode.  This is to allow the top design properties to be set without GUI intervention.
set_property source_mgmt_mode None [current_project]
set_property top SYNCHRNZR_tb [get_filesets sim_1]
set_property top_lib xil_defaultlib [get_filesets sim_1]
# Re-enabling previously disabled source management mode.
set_property source_mgmt_mode All [current_project]
update_compile_order -fileset sim_1
launch_simulation
source SYNCHRNZR_tb.tcl
close_sim
launch_simulation
source SYNCHRNZR_tb.tcl
close_sim
# Disabling source management mode.  This is to allow the top design properties to be set without GUI intervention.
set_property source_mgmt_mode None [current_project]
set_property top TESTBENCH [get_filesets sim_1]
set_property top_lib xil_defaultlib [get_filesets sim_1]
# Re-enabling previously disabled source management mode.
set_property source_mgmt_mode All [current_project]
update_compile_order -fileset sim_1
set_property SOURCE_SET sources_1 [get_filesets sim_1]
close [ open C:/Users/diego/OneDrive/Documentos/TRABAJO_SED_VHDL_G20/MAQ_EXP_2/MAQ_EXP_2.srcs/sim_1/new/COUNTER_TB.vhd w ]
add_files -fileset sim_1 C:/Users/diego/OneDrive/Documentos/TRABAJO_SED_VHDL_G20/MAQ_EXP_2/MAQ_EXP_2.srcs/sim_1/new/COUNTER_TB.vhd
update_compile_order -fileset sim_1
# Disabling source management mode.  This is to allow the top design properties to be set without GUI intervention.
set_property source_mgmt_mode None [current_project]
set_property top COUNTER_TB [get_filesets sim_1]
set_property top_lib xil_defaultlib [get_filesets sim_1]
# Re-enabling previously disabled source management mode.
set_property source_mgmt_mode All [current_project]
update_compile_order -fileset sim_1
set_property source_mgmt_mode DisplayOnly [current_project]
launch_simulation
source COUNTER_TB.tcl
relaunch_sim
relaunch_sim
relaunch_sim
current_wave_config {Untitled 6}
log_wave {/COUNTER_tb} 
relaunch_sim
relaunch_sim
relaunch_sim
relaunch_sim
relaunch_sim
relaunch_sim
# Disabling source management mode.  This is to allow the top design properties to be set without GUI intervention.
set_property source_mgmt_mode None [current_project]
set_property top SYNCHRNZR_tb [get_filesets sim_1]
set_property top_lib xil_defaultlib [get_filesets sim_1]
# Re-enabling previously disabled source management mode.
set_property source_mgmt_mode DisplayOnly [current_project]
launch_simulation
launch_simulation
close_sim
launch_simulation
source SYNCHRNZR_tb.tcl
relaunch_sim
close_sim
# Disabling source management mode.  This is to allow the top design properties to be set without GUI intervention.
set_property source_mgmt_mode None [current_project]
set_property top TESTBENCH [get_filesets sim_1]
set_property top_lib xil_defaultlib [get_filesets sim_1]
# Re-enabling previously disabled source management mode.
set_property source_mgmt_mode DisplayOnly [current_project]
launch_simulation
source TESTBENCH.tcl
relaunch_sim
add_bp {C:/Users/diego/OneDrive/Documentos/TRABAJO_SED_VHDL_G20/MAQ_EXP_2/MAQ_EXP_2.srcs/sources_1/new/DISPLAY_CONTROL.vhd} 86
relaunch_sim
step
step
remove_bps -file {C:/Users/diego/OneDrive/Documentos/TRABAJO_SED_VHDL_G20/MAQ_EXP_2/MAQ_EXP_2.srcs/sources_1/new/DISPLAY_CONTROL.vhd} -line 86
relaunch_sim
close_sim
