#-----------------------------------------------------------
# Vivado v2023.1 (64-bit)
# SW Build 3865809 on Sun May  7 15:05:29 MDT 2023
# IP Build 3864474 on Sun May  7 20:36:21 MDT 2023
# SharedData Build 3865790 on Sun May 07 13:33:03 MDT 2023
# Start of session at: Wed Dec 20 21:19:47 2023
# Process ID: 14464
# Current directory: C:/Users/diego/OneDrive/Documentos/TRABAJO_SED_VHDL_G20/MaquinaExp_G20
# Command line: vivado.exe -gui_launcher_event rodinguilauncherevent3172 C:\Users\diego\OneDrive\Documentos\TRABAJO_SED_VHDL_G20\MaquinaExp_G20\MaquinaExp_G20.xpr
# Log file: C:/Users/diego/OneDrive/Documentos/TRABAJO_SED_VHDL_G20/MaquinaExp_G20/vivado.log
# Journal file: C:/Users/diego/OneDrive/Documentos/TRABAJO_SED_VHDL_G20/MaquinaExp_G20\vivado.jou
# Running On: LAPTOP-9VF0APCD, OS: Windows, CPU Frequency: 1498 MHz, CPU Physical cores: 4, Host memory: 8320 MB
#-----------------------------------------------------------
start_gui
open_project C:/Users/diego/OneDrive/Documentos/TRABAJO_SED_VHDL_G20/MaquinaExp_G20/MaquinaExp_G20.xpr
update_compile_order -fileset sources_1
launch_simulation
source MAQ_EXP_tb.tcl
current_wave_config {Untitled 1}
add_wave {{/MAQ_EXP_tb/uut/AUX1}} {{/MAQ_EXP_tb/uut/AUX4}} {{/MAQ_EXP_tb/uut/AUX6}} 
current_wave_config {Untitled 1}
add_wave {{/MAQ_EXP_tb/uut/AUX2}} 
relaunch_sim
relaunch_sim
relaunch_sim
save_wave_config {C:/Users/diego/OneDrive/Documentos/TRABAJO_SED_VHDL_G20/MaquinaExp_G20/MAQ_EXP_tb_behav.wcfg}
add_files -fileset sim_1 -norecurse C:/Users/diego/OneDrive/Documentos/TRABAJO_SED_VHDL_G20/MaquinaExp_G20/MAQ_EXP_tb_behav.wcfg
set_property xsim.view C:/Users/diego/OneDrive/Documentos/TRABAJO_SED_VHDL_G20/MaquinaExp_G20/MAQ_EXP_tb_behav.wcfg [get_filesets sim_1]
close_sim
