#-----------------------------------------------------------
# Vivado v2023.1 (64-bit)
# SW Build 3865809 on Sun May  7 15:05:29 MDT 2023
# IP Build 3864474 on Sun May  7 20:36:21 MDT 2023
# SharedData Build 3865790 on Sun May 07 13:33:03 MDT 2023
# Start of session at: Wed Dec 20 20:51:44 2023
# Process ID: 4272
# Current directory: C:/Users/diego/OneDrive/Documentos/TRABAJO_SED_VHDL_G20/MaquinaExp_G20
# Command line: vivado.exe -gui_launcher_event rodinguilauncherevent1228 C:\Users\diego\OneDrive\Documentos\TRABAJO_SED_VHDL_G20\MaquinaExp_G20\MaquinaExp_G20.xpr
# Log file: C:/Users/diego/OneDrive/Documentos/TRABAJO_SED_VHDL_G20/MaquinaExp_G20/vivado.log
# Journal file: C:/Users/diego/OneDrive/Documentos/TRABAJO_SED_VHDL_G20/MaquinaExp_G20\vivado.jou
# Running On: LAPTOP-9VF0APCD, OS: Windows, CPU Frequency: 1498 MHz, CPU Physical cores: 4, Host memory: 8320 MB
#-----------------------------------------------------------
start_gui
open_project C:/Users/diego/OneDrive/Documentos/TRABAJO_SED_VHDL_G20/MaquinaExp_G20/MaquinaExp_G20.xpr
update_compile_order -fileset sources_1
launch_simulation
source MAQ_EXP.tcl
file mkdir C:/Users/diego/OneDrive/Documentos/TRABAJO_SED_VHDL_G20/MaquinaExp_G20/MaquinaExp_G20.srcs/sim_1/new
set_property SOURCE_SET sources_1 [get_filesets sim_1]
close [ open C:/Users/diego/OneDrive/Documentos/TRABAJO_SED_VHDL_G20/MaquinaExp_G20/MaquinaExp_G20.srcs/sim_1/new/testbench.vhd w ]
add_files -fileset sim_1 C:/Users/diego/OneDrive/Documentos/TRABAJO_SED_VHDL_G20/MaquinaExp_G20/MaquinaExp_G20.srcs/sim_1/new/testbench.vhd
update_compile_order -fileset sim_1
update_compile_order -fileset sim_1
launch_simulation
launch_simulation
relaunch_sim
relaunch_sim
relaunch_sim
add_bp {C:/Users/diego/OneDrive/Documentos/TRABAJO_SED_VHDL_G20/MaquinaExp_G20/MaquinaExp_G20.srcs/sources_1/new/MAQ_EXP.vhd} 103
remove_bps -file {C:/Users/diego/OneDrive/Documentos/TRABAJO_SED_VHDL_G20/MaquinaExp_G20/MaquinaExp_G20.srcs/sources_1/new/MAQ_EXP.vhd} -line 103
launch_simulation
launch_simulation
close_sim
